// Jest Snapshot v1, https://goo.gl/fbAQLP

exports[`Checkbox component Should renders correctly 1`] = `
<div
  className="wrap"
>
  <label
    className="label"
    htmlFor="test"
  >
    <input
      checked={true}
      className="checkbox"
      id="test"
      onClick={null}
      type="checkbox"
    />
    <span
      className="faceChecked"
    />
    1 ПЕРЕСАДКА
  </label>
  <div
    className="append"
  >
    <button
      className="uncheckOther"
      onClick={null}
    >
      ТОЛЬКО
    </button>
  </div>
</div>
`;
