// Jest Snapshot v1, https://goo.gl/fbAQLP

exports[`Filter components Should renders correctly 1`] = `
<div
  className="filter"
>
  <h3
    className="title"
  >
    ВАЛЮТА
  </h3>
  <Connect(withHandlers(CurrencyToggle)) />
  <h3
    className="title"
  >
    КОЛИЧЕСТВО ПЕРЕСАДОК
  </h3>
  <Connect(withHandlers(StopsFilter)) />
</div>
`;
