// Jest Snapshot v1, https://goo.gl/fbAQLP

exports[`App component Should renders correctly 1`] = `
<div
  className="container"
>
  <Header />
  <div
    className="contentWrap"
  >
    <div
      className="sidebar"
    >
      <Filter />
    </div>
    <div
      className="content"
    >
      <Connect(TicketList) />
    </div>
  </div>
</div>
`;
