// Jest Snapshot v1, https://goo.gl/fbAQLP

exports[`App component Should renders correctly 1`] = `
<div
  className="container"
>
  <div
    className="header"
  >
    <img
      alt="Aviasales"
      src={
        Object {
          "ReactComponent": [Function],
          "__esModule": true,
          "default": "logo.svg",
        }
      }
    />
  </div>
  <div
    className="contentWrap"
  >
    <div
      className="sidebar"
    >
      <div
        className="filter"
      >
        <h3
          className="title"
        >
          ВАЛЮТА
        </h3>
        <div
          className="toggle"
        >
          <button
            className="btnDefault"
            onClick={[Function]}
          >
            RUB
          </button>
          <button
            className="btnActive"
            onClick={[Function]}
          >
            USD
          </button>
          <button
            className="btnDefault"
            onClick={[Function]}
          >
            EUR
          </button>
        </div>
        <h3
          className="title"
        >
          КОЛИЧЕСТВО ПЕРЕСАДОК
        </h3>
        <div
          className="stops"
        >
          <div
            className="wrap"
          >
            <label
              className="label"
              htmlFor="stops_0"
            >
              <input
                checked={true}
                className="checkbox"
                id="stops_0"
                onClick={[Function]}
                type="checkbox"
              />
              <span
                className="faceChecked"
              />
              БЕЗ ПЕРЕСАДОК
            </label>
            <div
              className="append"
            >
              <button
                className="uncheckOther"
                onClick={[Function]}
              >
                ТОЛЬКО
              </button>
            </div>
          </div>
          <div
            className="wrap"
          >
            <label
              className="label"
              htmlFor="stops_1"
            >
              <input
                checked={true}
                className="checkbox"
                id="stops_1"
                onClick={[Function]}
                type="checkbox"
              />
              <span
                className="faceChecked"
              />
              1 ПЕРЕСАДКА
            </label>
            <div
              className="append"
            >
              <button
                className="uncheckOther"
                onClick={[Function]}
              >
                ТОЛЬКО
              </button>
            </div>
          </div>
          <div
            className="wrap"
          >
            <label
              className="label"
              htmlFor="stops_2"
            >
              <input
                checked={true}
                className="checkbox"
                id="stops_2"
                onClick={[Function]}
                type="checkbox"
              />
              <span
                className="faceChecked"
              />
              2 ПЕРЕСАДКИ
            </label>
            <div
              className="append"
            >
              <button
                className="uncheckOther"
                onClick={[Function]}
              >
                ТОЛЬКО
              </button>
            </div>
          </div>
          <div
            className="wrap"
          >
            <label
              className="label"
              htmlFor="stops_3"
            >
              <input
                checked={true}
                className="checkbox"
                id="stops_3"
                onClick={[Function]}
                type="checkbox"
              />
              <span
                className="faceChecked"
              />
              3 ПЕРЕСАДКИ
            </label>
            <div
              className="append"
            >
              <button
                className="uncheckOther"
                onClick={[Function]}
              >
                ТОЛЬКО
              </button>
            </div>
          </div>
        </div>
      </div>
    </div>
    <div
      className="content"
    >
      <div
        className="list"
      >
        <div
          className="ticket"
        >
          <div
            className="carrier"
          >
            <img
              alt="TK"
              className="logo"
              src="logo@3x.png"
              srcSet="
          logo.png,
          logo@2x.png 2x,
          logo@3x.png
        "
            />
            <button
              className="btn"
            >
              Купить
              <br />
              за 
              21300
               ​
              ₽
            </button>
          </div>
          <div
            className="info"
          >
            <div
              className="segment"
            >
              <span
                className="time"
              >
                17:20
              </span>
              <div
                className="seporator"
              >
                <div
                  className="stops"
                >
                  1 ПЕРЕСАДКА
                </div>
                <div
                  className="hr"
                >
                  <div
                    className="line"
                  />
                  <span
                    className="airplane"
                  />
                </div>
              </div>
              <span
                className="time"
              >
                23:50
              </span>
            </div>
            <div
              className="segment"
            >
              <span
                className="origin"
              >
                VVO
                , 
                Владивосток
              </span>
              <span
                className="destination"
              >
                Тель-Авив
                , 
                TLV
              </span>
            </div>
            <div
              className="segment"
            >
              <span
                className="date"
              >
                12.05.18
              </span>
              <span
                className="date"
              >
                12.05.18
              </span>
            </div>
          </div>
        </div>
        <div
          className="ticket"
        >
          <div
            className="carrier"
          >
            <img
              alt="TK"
              className="logo"
              src="logo@3x.png"
              srcSet="
          logo.png,
          logo@2x.png 2x,
          logo@3x.png
        "
            />
            <button
              className="btn"
            >
              Купить
              <br />
              за 
              21300
               ​
              ₽
            </button>
          </div>
          <div
            className="info"
          >
            <div
              className="segment"
            >
              <span
                className="time"
              >
                17:20
              </span>
              <div
                className="seporator"
              >
                <div
                  className="stops"
                >
                  1 ПЕРЕСАДКА
                </div>
                <div
                  className="hr"
                >
                  <div
                    className="line"
                  />
                  <span
                    className="airplane"
                  />
                </div>
              </div>
              <span
                className="time"
              >
                23:50
              </span>
            </div>
            <div
              className="segment"
            >
              <span
                className="origin"
              >
                VVO
                , 
                Владивосток
              </span>
              <span
                className="destination"
              >
                Тель-Авив
                , 
                TLV
              </span>
            </div>
            <div
              className="segment"
            >
              <span
                className="date"
              >
                12.05.18
              </span>
              <span
                className="date"
              >
                12.05.18
              </span>
            </div>
          </div>
        </div>
        <div
          className="ticket"
        >
          <div
            className="carrier"
          >
            <img
              alt="TK"
              className="logo"
              src="logo@3x.png"
              srcSet="
          logo.png,
          logo@2x.png 2x,
          logo@3x.png
        "
            />
            <button
              className="btn"
            >
              Купить
              <br />
              за 
              21300
               ​
              ₽
            </button>
          </div>
          <div
            className="info"
          >
            <div
              className="segment"
            >
              <span
                className="time"
              >
                17:20
              </span>
              <div
                className="seporator"
              >
                <div
                  className="stops"
                >
                  1 ПЕРЕСАДКА
                </div>
                <div
                  className="hr"
                >
                  <div
                    className="line"
                  />
                  <span
                    className="airplane"
                  />
                </div>
              </div>
              <span
                className="time"
              >
                23:50
              </span>
            </div>
            <div
              className="segment"
            >
              <span
                className="origin"
              >
                VVO
                , 
                Владивосток
              </span>
              <span
                className="destination"
              >
                Тель-Авив
                , 
                TLV
              </span>
            </div>
            <div
              className="segment"
            >
              <span
                className="date"
              >
                12.05.18
              </span>
              <span
                className="date"
              >
                12.05.18
              </span>
            </div>
          </div>
        </div>
        <div
          className="ticket"
        >
          <div
            className="carrier"
          >
            <img
              alt="TK"
              className="logo"
              src="logo@3x.png"
              srcSet="
          logo.png,
          logo@2x.png 2x,
          logo@3x.png
        "
            />
            <button
              className="btn"
            >
              Купить
              <br />
              за 
              21300
               ​
              ₽
            </button>
          </div>
          <div
            className="info"
          >
            <div
              className="segment"
            >
              <span
                className="time"
              >
                17:20
              </span>
              <div
                className="seporator"
              >
                <div
                  className="stops"
                >
                  1 ПЕРЕСАДКА
                </div>
                <div
                  className="hr"
                >
                  <div
                    className="line"
                  />
                  <span
                    className="airplane"
                  />
                </div>
              </div>
              <span
                className="time"
              >
                23:50
              </span>
            </div>
            <div
              className="segment"
            >
              <span
                className="origin"
              >
                VVO
                , 
                Владивосток
              </span>
              <span
                className="destination"
              >
                Тель-Авив
                , 
                TLV
              </span>
            </div>
            <div
              className="segment"
            >
              <span
                className="date"
              >
                12.05.18
              </span>
              <span
                className="date"
              >
                12.05.18
              </span>
            </div>
          </div>
        </div>
        <div
          className="ticket"
        >
          <div
            className="carrier"
          >
            <img
              alt="TK"
              className="logo"
              src="logo@3x.png"
              srcSet="
          logo.png,
          logo@2x.png 2x,
          logo@3x.png
        "
            />
            <button
              className="btn"
            >
              Купить
              <br />
              за 
              21300
               ​
              ₽
            </button>
          </div>
          <div
            className="info"
          >
            <div
              className="segment"
            >
              <span
                className="time"
              >
                17:20
              </span>
              <div
                className="seporator"
              >
                <div
                  className="stops"
                >
                  1 ПЕРЕСАДКА
                </div>
                <div
                  className="hr"
                >
                  <div
                    className="line"
                  />
                  <span
                    className="airplane"
                  />
                </div>
              </div>
              <span
                className="time"
              >
                23:50
              </span>
            </div>
            <div
              className="segment"
            >
              <span
                className="origin"
              >
                VVO
                , 
                Владивосток
              </span>
              <span
                className="destination"
              >
                Тель-Авив
                , 
                TLV
              </span>
            </div>
            <div
              className="segment"
            >
              <span
                className="date"
              >
                12.05.18
              </span>
              <span
                className="date"
              >
                12.05.18
              </span>
            </div>
          </div>
        </div>
        <div
          className="ticket"
        >
          <div
            className="carrier"
          >
            <img
              alt="TK"
              className="logo"
              src="logo@3x.png"
              srcSet="
          logo.png,
          logo@2x.png 2x,
          logo@3x.png
        "
            />
            <button
              className="btn"
            >
              Купить
              <br />
              за 
              21300
               ​
              ₽
            </button>
          </div>
          <div
            className="info"
          >
            <div
              className="segment"
            >
              <span
                className="time"
              >
                17:20
              </span>
              <div
                className="seporator"
              >
                <div
                  className="stops"
                >
                  1 ПЕРЕСАДКА
                </div>
                <div
                  className="hr"
                >
                  <div
                    className="line"
                  />
                  <span
                    className="airplane"
                  />
                </div>
              </div>
              <span
                className="time"
              >
                23:50
              </span>
            </div>
            <div
              className="segment"
            >
              <span
                className="origin"
              >
                VVO
                , 
                Владивосток
              </span>
              <span
                className="destination"
              >
                Тель-Авив
                , 
                TLV
              </span>
            </div>
            <div
              className="segment"
            >
              <span
                className="date"
              >
                12.05.18
              </span>
              <span
                className="date"
              >
                12.05.18
              </span>
            </div>
          </div>
        </div>
      </div>
    </div>
  </div>
</div>
`;
