// Jest Snapshot v1, https://goo.gl/fbAQLP

exports[`StopsFilter component Should renders correctly 1`] = `
<div
  className="stops"
>
  <div
    className="wrap"
  >
    <label
      className="label"
      htmlFor="stops_0"
    >
      <input
        checked={true}
        className="checkbox"
        id="stops_0"
        onClick={null}
        type="checkbox"
      />
      <span
        className="faceChecked"
      />
      БЕЗ ПЕРЕСАДОК
    </label>
    <div
      className="append"
    >
      <button
        className="uncheckOther"
        onClick={null}
      >
        ТОЛЬКО
      </button>
    </div>
  </div>
  <div
    className="wrap"
  >
    <label
      className="label"
      htmlFor="stops_1"
    >
      <input
        checked={false}
        className="checkbox"
        id="stops_1"
        onClick={null}
        type="checkbox"
      />
      <span
        className="faceChecked"
      />
      1 ПЕРЕСАДКА
    </label>
    <div
      className="append"
    >
      <button
        className="uncheckOther"
        onClick={null}
      >
        ТОЛЬКО
      </button>
    </div>
  </div>
  <div
    className="wrap"
  >
    <label
      className="label"
      htmlFor="stops_2"
    >
      <input
        checked={false}
        className="checkbox"
        id="stops_2"
        onClick={null}
        type="checkbox"
      />
      <span
        className="faceChecked"
      />
      2 ПЕРЕСАДКИ
    </label>
    <div
      className="append"
    >
      <button
        className="uncheckOther"
        onClick={null}
      >
        ТОЛЬКО
      </button>
    </div>
  </div>
  <div
    className="wrap"
  >
    <label
      className="label"
      htmlFor="stops_3"
    >
      <input
        checked={true}
        className="checkbox"
        id="stops_3"
        onClick={null}
        type="checkbox"
      />
      <span
        className="faceChecked"
      />
      3 ПЕРЕСАДКИ
    </label>
    <div
      className="append"
    >
      <button
        className="uncheckOther"
        onClick={null}
      >
        ТОЛЬКО
      </button>
    </div>
  </div>
</div>
`;
