// Jest Snapshot v1, https://goo.gl/fbAQLP

exports[`StopsFilter component Should renders correctly 1`] = `
<div
  className="stops"
>
  <Checkbox
    id="stops_all"
    onChange={null}
    stops={-1}
    value={false}
  />
  <Checkbox
    id="stops_0"
    onChange={null}
    onUncheckOther={null}
    stops={0}
    value={true}
  />
  <Checkbox
    id="stops_1"
    onChange={null}
    onUncheckOther={null}
    stops={1}
    value={false}
  />
  <Checkbox
    id="stops_2"
    onChange={null}
    onUncheckOther={null}
    stops={2}
    value={false}
  />
  <Checkbox
    id="stops_3"
    onChange={null}
    onUncheckOther={null}
    stops={3}
    value={true}
  />
</div>
`;
