// Jest Snapshot v1, https://goo.gl/fbAQLP

exports[`Ticket component Should renders correctly 1`] = `
<div
  className="ticket"
>
  <div
    className="carrier"
  >
    <img
      alt="TK"
      className="logo"
      src="logo@3x.png"
      srcSet="
          logo.png,
          logo@2x.png 2x,
          logo@3x.png
        "
    />
    <Connect(BuyButton)
      price={13100}
    />
  </div>
  <div
    className="info"
  >
    <div
      className="segment"
    >
      <span
        className="time"
      >
        17:20
      </span>
      <Seporator
        stops={1}
      />
      <span
        className="time"
      >
        23:50
      </span>
    </div>
    <div
      className="segment"
    >
      <span
        className="origin"
      >
        VVO
        , 
        Владивосток
      </span>
      <span
        className="destination"
      >
        Тель-Авив
        , 
        TLV
      </span>
    </div>
    <div
      className="segment"
    >
      <span
        className="date"
      >
        5 дек. 2018, ср
      </span>
      <span
        className="date"
      >
        5 дек. 2018, ср
      </span>
    </div>
  </div>
</div>
`;
